header = ""
inputs = []
outputs = []
providers = []
requirements = []
resources = []